---
source: crates/core/src/encryption/encryption_scheme.rs
expression: "Sut::default()"
---
EncryptionScheme: Version1 (AESGCM-256)
