---
source: crates/core/src/models/hex_bytes.rs
expression: "Sut::sample_other()"
---
cafebabe
